// Jest Snapshot v1, https://goo.gl/fbAQLP

exports[`<App /> matches snapshot 1`] = `
<div
  className="App"
>
  <header
    className="App-header"
  >
    <h2>
      Learn React
    </h2>
  </header>
</div>
`;
